2026-04-03 16:03:44 [main] INFO  Application - No ktor.deployment.watch patterns match classpath entries, automatic reload is not active
2026-04-03 16:03:45 [main] INFO  com.zaxxer.hikari.HikariDataSource - HikariPool-1 - Starting...
2026-04-03 16:03:45 [main] INFO  com.zaxxer.hikari.pool.HikariPool - HikariPool-1 - Added connection org.postgresql.jdbc.PgConnection@2687f956
2026-04-03 16:03:45 [main] INFO  com.zaxxer.hikari.HikariDataSource - HikariPool-1 - Start completed.
2026-04-03 16:03:47 [main] INFO  Application - Database connected and tables created
2026-04-03 16:03:48 [main] INFO  com.whatsmax.utils.FirebaseAdmin - Firebase Admin SDK initialized successfully
2026-04-03 16:03:48 [main] INFO  Application - Application started in 3.743 seconds.
2026-04-03 16:03:48 [main] INFO  Application - Responding at http://127.0.0.1:8080
2026-04-03 16:06:54 [main] INFO  Application - No ktor.deployment.watch patterns match classpath entries, automatic reload is not active
2026-04-03 16:06:54 [main] INFO  com.zaxxer.hikari.HikariDataSource - HikariPool-1 - Starting...
2026-04-03 16:06:55 [main] INFO  com.zaxxer.hikari.pool.HikariPool - HikariPool-1 - Added connection org.postgresql.jdbc.PgConnection@68809cc7
2026-04-03 16:06:55 [main] INFO  com.zaxxer.hikari.HikariDataSource - HikariPool-1 - Start completed.
2026-04-03 16:06:55 [main] INFO  Application - Database connected and tables created
2026-04-03 16:06:55 [main] INFO  com.whatsmax.utils.FirebaseAdmin - Firebase Admin SDK initialized successfully
2026-04-03 16:06:55 [main] INFO  Application - Application started in 1.674 seconds.
2026-04-03 16:06:56 [main] INFO  Application - Responding at http://127.0.0.1:8080
2026-04-03 16:07:58 [eventLoopGroupProxy-4-1] WARN  Authentication - Firebase token verification failed: Firebase ID token has expired. Get a fresh ID token and try again. See https://firebase.google.com/docs/auth/admin/verify-id-tokens for details on how to retrieve an ID token.
2026-04-03 16:08:01 [eventLoopGroupProxy-3-3] INFO  com.whatsmax.websocket.WebSocketManager - User 7ZS5UWLCNwPrefGTOfHVbrd6UUq1 connected. Total online: 1
2026-04-03 16:08:01 [eventLoopGroupProxy-3-7] INFO  WebSocketRoutes - User 7ZS5UWLCNwPrefGTOfHVbrd6UUq1 connected via WebSocket
2026-04-03 16:10:42 [eventLoopGroupProxy-3-3] INFO  com.whatsmax.websocket.WebSocketManager - User 7ZS5UWLCNwPrefGTOfHVbrd6UUq1 disconnected. Total online: 0
2026-04-03 16:10:42 [eventLoopGroupProxy-3-7] INFO  WebSocketRoutes - User 7ZS5UWLCNwPrefGTOfHVbrd6UUq1 disconnected
2026-04-03 16:16:45 [main] INFO  Application - No ktor.deployment.watch patterns match classpath entries, automatic reload is not active
2026-04-03 16:16:45 [main] INFO  com.zaxxer.hikari.HikariDataSource - HikariPool-1 - Starting...
2026-04-03 16:16:46 [main] INFO  com.zaxxer.hikari.pool.HikariPool - HikariPool-1 - Added connection org.postgresql.jdbc.PgConnection@71178a52
2026-04-03 16:16:46 [main] INFO  com.zaxxer.hikari.HikariDataSource - HikariPool-1 - Start completed.
2026-04-03 16:16:46 [main] INFO  Application - Database connected and tables created
2026-04-03 16:16:46 [main] INFO  com.whatsmax.utils.FirebaseAdmin - Firebase Admin SDK initialized successfully
2026-04-03 16:16:46 [main] INFO  Application - Application started in 1.667 seconds.
2026-04-03 16:16:47 [main] INFO  Application - Responding at http://127.0.0.1:8080
2026-04-03 16:17:59 [eventLoopGroupProxy-3-6] INFO  com.whatsmax.websocket.WebSocketManager - User 7ZS5UWLCNwPrefGTOfHVbrd6UUq1 connected. Total online: 1
2026-04-03 16:17:59 [eventLoopGroupProxy-3-1] INFO  WebSocketRoutes - User 7ZS5UWLCNwPrefGTOfHVbrd6UUq1 connected via WebSocket
2026-04-03 16:21:38 [eventLoopGroupProxy-3-6] INFO  com.whatsmax.websocket.WebSocketManager - User 7ZS5UWLCNwPrefGTOfHVbrd6UUq1 disconnected. Total online: 0
2026-04-03 16:21:38 [eventLoopGroupProxy-3-7] INFO  WebSocketRoutes - User 7ZS5UWLCNwPrefGTOfHVbrd6UUq1 disconnected
2026-04-03 16:25:45 [main] INFO  Application - No ktor.deployment.watch patterns match classpath entries, automatic reload is not active
2026-04-03 16:25:46 [main] INFO  com.zaxxer.hikari.HikariDataSource - HikariPool-1 - Starting...
2026-04-03 16:25:46 [main] INFO  com.zaxxer.hikari.pool.HikariPool - HikariPool-1 - Added connection org.postgresql.jdbc.PgConnection@9a7a808
2026-04-03 16:25:46 [main] INFO  com.zaxxer.hikari.HikariDataSource - HikariPool-1 - Start completed.
2026-04-03 16:25:47 [main] INFO  Application - Database connected and tables created
2026-04-03 16:25:47 [main] INFO  com.whatsmax.utils.FirebaseAdmin - Firebase Admin SDK initialized successfully
2026-04-03 16:25:47 [main] INFO  Application - Application started in 1.654 seconds.
2026-04-03 16:25:47 [main] INFO  Application - Responding at http://127.0.0.1:8080
2026-04-03 16:26:11 [eventLoopGroupProxy-3-6] INFO  com.whatsmax.websocket.WebSocketManager - User F8r65sCmG5deQvAwiEMthIYeQFD2 connected. Total online: 1
2026-04-03 16:26:11 [eventLoopGroupProxy-3-2] INFO  WebSocketRoutes - User F8r65sCmG5deQvAwiEMthIYeQFD2 connected via WebSocket
2026-04-03 16:32:12 [eventLoopGroupProxy-3-6] INFO  com.whatsmax.websocket.WebSocketManager - User F8r65sCmG5deQvAwiEMthIYeQFD2 disconnected. Total online: 0
2026-04-03 16:32:12 [eventLoopGroupProxy-3-7] INFO  WebSocketRoutes - User F8r65sCmG5deQvAwiEMthIYeQFD2 disconnected
2026-04-03 16:32:29 [main] INFO  Application - No ktor.deployment.watch patterns match classpath entries, automatic reload is not active
2026-04-03 16:32:30 [main] INFO  com.zaxxer.hikari.HikariDataSource - HikariPool-1 - Starting...
2026-04-03 16:32:30 [main] INFO  com.zaxxer.hikari.pool.HikariPool - HikariPool-1 - Added connection org.postgresql.jdbc.PgConnection@9a7a808
2026-04-03 16:32:30 [main] INFO  com.zaxxer.hikari.HikariDataSource - HikariPool-1 - Start completed.
2026-04-03 16:32:31 [main] INFO  Application - Database connected and tables created
2026-04-03 16:32:31 [main] INFO  com.whatsmax.utils.FirebaseAdmin - Firebase Admin SDK initialized successfully
2026-04-03 16:32:31 [main] INFO  Application - Application started in 1.786 seconds.
2026-04-03 16:32:31 [main] INFO  Application - Responding at http://127.0.0.1:8080
2026-04-03 16:32:47 [eventLoopGroupProxy-3-6] INFO  com.whatsmax.websocket.WebSocketManager - User 7ZS5UWLCNwPrefGTOfHVbrd6UUq1 connected. Total online: 1
2026-04-03 16:32:47 [eventLoopGroupProxy-3-2] INFO  WebSocketRoutes - User 7ZS5UWLCNwPrefGTOfHVbrd6UUq1 connected via WebSocket
2026-04-03 16:33:08 [eventLoopGroupProxy-3-4] INFO  com.whatsmax.websocket.WebSocketManager - User 7ZS5UWLCNwPrefGTOfHVbrd6UUq1 disconnected. Total online: 0
2026-04-03 16:33:08 [eventLoopGroupProxy-3-5] INFO  WebSocketRoutes - User 7ZS5UWLCNwPrefGTOfHVbrd6UUq1 disconnected
2026-04-03 16:37:03 [eventLoopGroupProxy-3-4] INFO  com.whatsmax.websocket.WebSocketManager - User 7ZS5UWLCNwPrefGTOfHVbrd6UUq1 connected. Total online: 1
2026-04-03 16:37:03 [eventLoopGroupProxy-3-8] INFO  WebSocketRoutes - User 7ZS5UWLCNwPrefGTOfHVbrd6UUq1 connected via WebSocket
2026-04-03 16:38:51 [eventLoopGroupProxy-3-4] INFO  com.whatsmax.websocket.WebSocketManager - User 7ZS5UWLCNwPrefGTOfHVbrd6UUq1 disconnected. Total online: 0
2026-04-03 16:38:51 [eventLoopGroupProxy-3-7] INFO  WebSocketRoutes - User 7ZS5UWLCNwPrefGTOfHVbrd6UUq1 disconnected
2026-04-03 16:44:10 [main] INFO  Application - No ktor.deployment.watch patterns match classpath entries, automatic reload is not active
2026-04-03 16:44:10 [main] INFO  com.zaxxer.hikari.HikariDataSource - HikariPool-1 - Starting...
2026-04-03 16:44:11 [main] INFO  com.zaxxer.hikari.pool.HikariPool - HikariPool-1 - Added connection org.postgresql.jdbc.PgConnection@7051777c
2026-04-03 16:44:11 [main] INFO  com.zaxxer.hikari.HikariDataSource - HikariPool-1 - Start completed.
2026-04-03 16:44:11 [main] INFO  Application - Database connected and tables created
2026-04-03 16:44:11 [main] INFO  com.whatsmax.utils.FirebaseAdmin - Firebase Admin SDK initialized successfully
2026-04-03 16:44:11 [main] INFO  Application - Application started in 1.716 seconds.
2026-04-03 16:44:12 [main] INFO  Application - Responding at http://127.0.0.1:8080
2026-04-03 16:44:33 [eventLoopGroupProxy-3-6] INFO  com.whatsmax.websocket.WebSocketManager - User 7ZS5UWLCNwPrefGTOfHVbrd6UUq1 connected. Total online: 1
2026-04-03 16:44:33 [eventLoopGroupProxy-3-2] INFO  WebSocketRoutes - User 7ZS5UWLCNwPrefGTOfHVbrd6UUq1 connected via WebSocket
2026-04-03 16:44:37 [eventLoopGroupProxy-3-6] INFO  com.whatsmax.websocket.WebSocketManager - User 7ZS5UWLCNwPrefGTOfHVbrd6UUq1 disconnected. Total online: 0
2026-04-03 16:44:37 [eventLoopGroupProxy-3-7] INFO  WebSocketRoutes - User 7ZS5UWLCNwPrefGTOfHVbrd6UUq1 disconnected
2026-04-03 16:44:41 [eventLoopGroupProxy-3-7] INFO  com.whatsmax.websocket.WebSocketManager - User 7ZS5UWLCNwPrefGTOfHVbrd6UUq1 connected. Total online: 1
2026-04-03 16:44:41 [eventLoopGroupProxy-3-2] INFO  WebSocketRoutes - User 7ZS5UWLCNwPrefGTOfHVbrd6UUq1 connected via WebSocket
2026-04-03 16:46:27 [main] INFO  Application - No ktor.deployment.watch patterns match classpath entries, automatic reload is not active
2026-04-03 16:46:28 [main] INFO  com.zaxxer.hikari.HikariDataSource - HikariPool-1 - Starting...
2026-04-03 16:46:28 [main] INFO  com.zaxxer.hikari.pool.HikariPool - HikariPool-1 - Added connection org.postgresql.jdbc.PgConnection@1ddd3478
2026-04-03 16:46:28 [main] INFO  com.zaxxer.hikari.HikariDataSource - HikariPool-1 - Start completed.
2026-04-03 16:46:28 [main] INFO  Application - Database connected and tables created
2026-04-03 16:46:28 [main] INFO  com.whatsmax.utils.FirebaseAdmin - Firebase Admin SDK initialized successfully
2026-04-03 16:46:28 [main] INFO  Application - Application started in 1.598 seconds.
2026-04-03 16:46:29 [main] INFO  Application - Responding at http://127.0.0.1:8080
2026-04-03 16:46:36 [eventLoopGroupProxy-3-6] INFO  com.whatsmax.websocket.WebSocketManager - User 7ZS5UWLCNwPrefGTOfHVbrd6UUq1 connected. Total online: 1
2026-04-03 16:46:36 [eventLoopGroupProxy-3-2] INFO  WebSocketRoutes - User 7ZS5UWLCNwPrefGTOfHVbrd6UUq1 connected via WebSocket
2026-04-03 16:49:34 [eventLoopGroupProxy-3-3] INFO  com.whatsmax.websocket.WebSocketManager - User 7ZS5UWLCNwPrefGTOfHVbrd6UUq1 connected. Total online: 1
2026-04-03 16:49:34 [eventLoopGroupProxy-3-7] INFO  WebSocketRoutes - User 7ZS5UWLCNwPrefGTOfHVbrd6UUq1 connected via WebSocket
2026-04-03 16:49:35 [eventLoopGroupProxy-3-5] INFO  com.whatsmax.websocket.WebSocketManager - User 7ZS5UWLCNwPrefGTOfHVbrd6UUq1 disconnected. Total online: 1
2026-04-03 16:49:35 [eventLoopGroupProxy-3-6] INFO  WebSocketRoutes - User 7ZS5UWLCNwPrefGTOfHVbrd6UUq1 disconnected
2026-04-03 17:24:41 [eventLoopGroupProxy-3-4] INFO  com.whatsmax.websocket.WebSocketManager - User 7ZS5UWLCNwPrefGTOfHVbrd6UUq1 disconnected. Total online: 0
2026-04-03 17:24:41 [eventLoopGroupProxy-3-8] INFO  WebSocketRoutes - User 7ZS5UWLCNwPrefGTOfHVbrd6UUq1 disconnected
2026-04-03 17:24:48 [eventLoopGroupProxy-3-4] INFO  com.whatsmax.websocket.WebSocketManager - User 7ZS5UWLCNwPrefGTOfHVbrd6UUq1 connected. Total online: 1
2026-04-03 17:24:48 [eventLoopGroupProxy-3-9] INFO  WebSocketRoutes - User 7ZS5UWLCNwPrefGTOfHVbrd6UUq1 connected via WebSocket
2026-04-03 17:24:52 [eventLoopGroupProxy-3-4] INFO  com.whatsmax.websocket.WebSocketManager - User 7ZS5UWLCNwPrefGTOfHVbrd6UUq1 disconnected. Total online: 0
2026-04-03 17:24:52 [eventLoopGroupProxy-3-8] INFO  WebSocketRoutes - User 7ZS5UWLCNwPrefGTOfHVbrd6UUq1 disconnected
2026-04-03 17:25:00 [main] INFO  Application - No ktor.deployment.watch patterns match classpath entries, automatic reload is not active
2026-04-03 17:25:01 [main] INFO  com.zaxxer.hikari.HikariDataSource - HikariPool-1 - Starting...
2026-04-03 17:25:01 [main] INFO  com.zaxxer.hikari.pool.HikariPool - HikariPool-1 - Added connection org.postgresql.jdbc.PgConnection@7051777c
2026-04-03 17:25:01 [main] INFO  com.zaxxer.hikari.HikariDataSource - HikariPool-1 - Start completed.
2026-04-03 17:25:02 [main] INFO  Application - Database connected and tables created
2026-04-03 17:25:02 [main] INFO  com.whatsmax.utils.FirebaseAdmin - Firebase Admin SDK initialized successfully
2026-04-03 17:25:02 [main] INFO  Application - Application started in 1.605 seconds.
2026-04-03 17:25:02 [main] INFO  Application - Responding at http://127.0.0.1:8080
2026-04-03 17:25:11 [eventLoopGroupProxy-3-6] INFO  com.whatsmax.websocket.WebSocketManager - User 7ZS5UWLCNwPrefGTOfHVbrd6UUq1 connected. Total online: 1
2026-04-03 17:25:11 [eventLoopGroupProxy-3-2] INFO  WebSocketRoutes - User 7ZS5UWLCNwPrefGTOfHVbrd6UUq1 connected via WebSocket
2026-04-03 17:25:21 [eventLoopGroupProxy-3-6] INFO  com.whatsmax.websocket.WebSocketManager - User 7ZS5UWLCNwPrefGTOfHVbrd6UUq1 disconnected. Total online: 0
2026-04-03 17:25:21 [eventLoopGroupProxy-3-7] INFO  WebSocketRoutes - User 7ZS5UWLCNwPrefGTOfHVbrd6UUq1 disconnected
2026-04-03 17:25:24 [eventLoopGroupProxy-3-7] INFO  com.whatsmax.websocket.WebSocketManager - User 7ZS5UWLCNwPrefGTOfHVbrd6UUq1 connected. Total online: 1
2026-04-03 17:25:24 [eventLoopGroupProxy-3-2] INFO  WebSocketRoutes - User 7ZS5UWLCNwPrefGTOfHVbrd6UUq1 connected via WebSocket
2026-04-03 17:26:18 [eventLoopGroupProxy-3-1] INFO  com.whatsmax.websocket.WebSocketManager - User 7ZS5UWLCNwPrefGTOfHVbrd6UUq1 disconnected. Total online: 0
2026-04-03 17:26:18 [eventLoopGroupProxy-3-4] INFO  WebSocketRoutes - User 7ZS5UWLCNwPrefGTOfHVbrd6UUq1 disconnected
2026-04-03 17:27:11 [main] INFO  Application - No ktor.deployment.watch patterns match classpath entries, automatic reload is not active
2026-04-03 17:27:12 [main] INFO  com.zaxxer.hikari.HikariDataSource - HikariPool-1 - Starting...
2026-04-03 17:27:12 [main] INFO  com.zaxxer.hikari.pool.HikariPool - HikariPool-1 - Added connection org.postgresql.jdbc.PgConnection@5ecba515
2026-04-03 17:27:12 [main] INFO  com.zaxxer.hikari.HikariDataSource - HikariPool-1 - Start completed.
2026-04-03 17:27:12 [main] INFO  Application - Database connected and tables created
2026-04-03 17:27:13 [main] INFO  com.whatsmax.utils.FirebaseAdmin - Firebase Admin SDK initialized successfully
2026-04-03 17:27:13 [main] INFO  Application - Application started in 1.522 seconds.
2026-04-03 17:27:13 [main] INFO  Application - Responding at http://127.0.0.1:8080
2026-04-03 17:27:31 [eventLoopGroupProxy-3-6] INFO  com.whatsmax.websocket.WebSocketManager - User 7ZS5UWLCNwPrefGTOfHVbrd6UUq1 connected. Total online: 1
2026-04-03 17:27:31 [eventLoopGroupProxy-3-2] INFO  WebSocketRoutes - User 7ZS5UWLCNwPrefGTOfHVbrd6UUq1 connected via WebSocket
2026-04-03 17:27:38 [eventLoopGroupProxy-3-6] INFO  com.whatsmax.websocket.WebSocketManager - User 7ZS5UWLCNwPrefGTOfHVbrd6UUq1 disconnected. Total online: 0
2026-04-03 17:27:38 [eventLoopGroupProxy-3-7] INFO  WebSocketRoutes - User 7ZS5UWLCNwPrefGTOfHVbrd6UUq1 disconnected
2026-04-03 17:28:04 [eventLoopGroupProxy-3-8] INFO  com.whatsmax.websocket.WebSocketManager - User 7ZS5UWLCNwPrefGTOfHVbrd6UUq1 connected. Total online: 1
2026-04-03 17:28:04 [eventLoopGroupProxy-3-3] INFO  WebSocketRoutes - User 7ZS5UWLCNwPrefGTOfHVbrd6UUq1 connected via WebSocket
2026-04-03 17:29:48 [eventLoopGroupProxy-3-5] INFO  com.whatsmax.websocket.WebSocketManager - User 7ZS5UWLCNwPrefGTOfHVbrd6UUq1 disconnected. Total online: 0
2026-04-03 17:29:48 [eventLoopGroupProxy-3-8] INFO  WebSocketRoutes - User 7ZS5UWLCNwPrefGTOfHVbrd6UUq1 disconnected
