2026-03-31 00:06:45 [main] INFO  Application - No ktor.deployment.watch patterns match classpath entries, automatic reload is not active
2026-03-31 00:06:45 [main] INFO  com.zaxxer.hikari.HikariDataSource - HikariPool-1 - Starting...
2026-03-31 00:06:46 [main] INFO  com.zaxxer.hikari.pool.HikariPool - HikariPool-1 - Added connection org.postgresql.jdbc.PgConnection@79767781
2026-03-31 00:06:46 [main] INFO  com.zaxxer.hikari.HikariDataSource - HikariPool-1 - Start completed.
2026-03-31 00:06:46 [main] INFO  Application - Database connected and tables created
2026-03-31 00:06:46 [main] INFO  com.whatsmax.utils.FirebaseAdmin - Firebase Admin SDK initialized successfully
2026-03-31 00:06:46 [main] INFO  Application - Application started in 1.7 seconds.
2026-03-31 00:06:47 [main] INFO  Application - Responding at http://127.0.0.1:8080
2026-03-31 00:09:16 [eventLoopGroupProxy-3-6] INFO  com.whatsmax.websocket.WebSocketManager - User F8r65sCmG5deQvAwiEMthIYeQFD2 connected. Total online: 1
2026-03-31 00:09:16 [eventLoopGroupProxy-3-1] INFO  WebSocketRoutes - User F8r65sCmG5deQvAwiEMthIYeQFD2 connected via WebSocket
2026-03-31 00:13:03 [eventLoopGroupProxy-3-2] INFO  com.whatsmax.websocket.WebSocketManager - User F8r65sCmG5deQvAwiEMthIYeQFD2 disconnected. Total online: 0
2026-03-31 00:13:03 [eventLoopGroupProxy-3-3] INFO  WebSocketRoutes - User F8r65sCmG5deQvAwiEMthIYeQFD2 disconnected
2026-03-31 00:19:21 [main] INFO  Application - No ktor.deployment.watch patterns match classpath entries, automatic reload is not active
2026-03-31 00:19:21 [main] INFO  com.zaxxer.hikari.HikariDataSource - HikariPool-1 - Starting...
2026-03-31 00:19:22 [main] INFO  com.zaxxer.hikari.pool.HikariPool - HikariPool-1 - Added connection org.postgresql.jdbc.PgConnection@9a7a808
2026-03-31 00:19:22 [main] INFO  com.zaxxer.hikari.HikariDataSource - HikariPool-1 - Start completed.
2026-03-31 00:19:22 [main] INFO  Application - Database connected and tables created
2026-03-31 00:19:22 [main] INFO  com.whatsmax.utils.FirebaseAdmin - Firebase Admin SDK initialized successfully
2026-03-31 00:19:22 [main] INFO  Application - Application started in 1.562 seconds.
2026-03-31 00:19:23 [main] INFO  Application - Responding at http://127.0.0.1:8080
2026-03-31 00:21:38 [eventLoopGroupProxy-3-6] INFO  com.whatsmax.websocket.WebSocketManager - User F8r65sCmG5deQvAwiEMthIYeQFD2 connected. Total online: 1
2026-03-31 00:21:38 [eventLoopGroupProxy-3-1] INFO  WebSocketRoutes - User F8r65sCmG5deQvAwiEMthIYeQFD2 connected via WebSocket
2026-03-31 00:23:20 [eventLoopGroupProxy-3-3] INFO  com.whatsmax.websocket.WebSocketManager - User F8r65sCmG5deQvAwiEMthIYeQFD2 disconnected. Total online: 0
2026-03-31 00:23:20 [eventLoopGroupProxy-3-4] INFO  WebSocketRoutes - User F8r65sCmG5deQvAwiEMthIYeQFD2 disconnected
2026-03-31 00:43:43 [main] INFO  Application - No ktor.deployment.watch patterns match classpath entries, automatic reload is not active
2026-03-31 00:43:43 [main] INFO  com.zaxxer.hikari.HikariDataSource - HikariPool-1 - Starting...
2026-03-31 00:43:44 [main] INFO  com.zaxxer.hikari.pool.HikariPool - HikariPool-1 - Added connection org.postgresql.jdbc.PgConnection@5226e402
2026-03-31 00:43:44 [main] INFO  com.zaxxer.hikari.HikariDataSource - HikariPool-1 - Start completed.
2026-03-31 00:43:44 [main] INFO  Application - Database connected and tables created
2026-03-31 00:43:45 [main] INFO  com.whatsmax.utils.FirebaseAdmin - Firebase Admin SDK initialized successfully
2026-03-31 00:43:45 [main] INFO  Application - Application started in 1.941 seconds.
2026-03-31 00:43:45 [main] INFO  Application - Responding at http://127.0.0.1:8080
2026-03-31 00:44:24 [eventLoopGroupProxy-3-6] INFO  com.whatsmax.websocket.WebSocketManager - User F8r65sCmG5deQvAwiEMthIYeQFD2 connected. Total online: 1
2026-03-31 00:44:24 [eventLoopGroupProxy-3-1] INFO  WebSocketRoutes - User F8r65sCmG5deQvAwiEMthIYeQFD2 connected via WebSocket
2026-03-31 00:46:11 [eventLoopGroupProxy-3-9] INFO  com.whatsmax.websocket.WebSocketManager - User F8r65sCmG5deQvAwiEMthIYeQFD2 disconnected. Total online: 0
2026-03-31 00:46:11 [eventLoopGroupProxy-3-1] INFO  WebSocketRoutes - User F8r65sCmG5deQvAwiEMthIYeQFD2 disconnected
2026-03-31 16:36:00 [main] INFO  Application - No ktor.deployment.watch patterns match classpath entries, automatic reload is not active
2026-03-31 16:36:01 [main] INFO  com.zaxxer.hikari.HikariDataSource - HikariPool-1 - Starting...
2026-03-31 16:36:01 [main] INFO  com.zaxxer.hikari.pool.HikariPool - HikariPool-1 - Added connection org.postgresql.jdbc.PgConnection@5226e402
2026-03-31 16:36:01 [main] INFO  com.zaxxer.hikari.HikariDataSource - HikariPool-1 - Start completed.
2026-03-31 16:36:02 [main] INFO  Application - Database connected and tables created
2026-03-31 16:36:02 [main] INFO  com.whatsmax.utils.FirebaseAdmin - Firebase Admin SDK initialized successfully
2026-03-31 16:36:02 [main] INFO  Application - Application started in 1.97 seconds.
2026-03-31 16:36:02 [main] INFO  Application - Responding at http://127.0.0.1:8080
2026-03-31 16:37:25 [eventLoopGroupProxy-4-2] WARN  Authentication - Firebase token verification failed: Firebase ID token has expired. Get a fresh ID token and try again. See https://firebase.google.com/docs/auth/admin/verify-id-tokens for details on how to retrieve an ID token.
2026-03-31 16:37:28 [eventLoopGroupProxy-3-3] INFO  com.whatsmax.websocket.WebSocketManager - User 7ZS5UWLCNwPrefGTOfHVbrd6UUq1 connected. Total online: 1
2026-03-31 16:37:28 [eventLoopGroupProxy-3-7] INFO  WebSocketRoutes - User 7ZS5UWLCNwPrefGTOfHVbrd6UUq1 connected via WebSocket
2026-03-31 16:44:26 [eventLoopGroupProxy-3-4] INFO  com.whatsmax.websocket.WebSocketManager - User 7ZS5UWLCNwPrefGTOfHVbrd6UUq1 disconnected. Total online: 0
2026-03-31 16:44:26 [eventLoopGroupProxy-3-8] INFO  WebSocketRoutes - User 7ZS5UWLCNwPrefGTOfHVbrd6UUq1 disconnected
2026-03-31 16:46:28 [main] INFO  Application - No ktor.deployment.watch patterns match classpath entries, automatic reload is not active
2026-03-31 16:46:28 [main] INFO  com.zaxxer.hikari.HikariDataSource - HikariPool-1 - Starting...
2026-03-31 16:46:29 [main] INFO  com.zaxxer.hikari.pool.HikariPool - HikariPool-1 - Added connection org.postgresql.jdbc.PgConnection@68809cc7
2026-03-31 16:46:29 [main] INFO  com.zaxxer.hikari.HikariDataSource - HikariPool-1 - Start completed.
2026-03-31 16:46:29 [main] INFO  Application - Database connected and tables created
2026-03-31 16:46:29 [main] INFO  com.whatsmax.utils.FirebaseAdmin - Firebase Admin SDK initialized successfully
2026-03-31 16:46:29 [main] INFO  Application - Application started in 1.936 seconds.
2026-03-31 16:46:30 [main] INFO  Application - Responding at http://127.0.0.1:8080
2026-03-31 16:46:58 [eventLoopGroupProxy-3-6] INFO  com.whatsmax.websocket.WebSocketManager - User 7ZS5UWLCNwPrefGTOfHVbrd6UUq1 connected. Total online: 1
2026-03-31 16:46:58 [eventLoopGroupProxy-3-1] INFO  WebSocketRoutes - User 7ZS5UWLCNwPrefGTOfHVbrd6UUq1 connected via WebSocket
2026-03-31 16:48:17 [eventLoopGroupProxy-3-4] INFO  com.whatsmax.websocket.WebSocketManager - User 7ZS5UWLCNwPrefGTOfHVbrd6UUq1 disconnected. Total online: 0
2026-03-31 16:48:17 [eventLoopGroupProxy-3-5] INFO  WebSocketRoutes - User 7ZS5UWLCNwPrefGTOfHVbrd6UUq1 disconnected
2026-03-31 17:07:11 [main] INFO  Application - No ktor.deployment.watch patterns match classpath entries, automatic reload is not active
2026-03-31 17:07:12 [main] INFO  com.zaxxer.hikari.HikariDataSource - HikariPool-1 - Starting...
2026-03-31 17:07:12 [main] INFO  com.zaxxer.hikari.pool.HikariPool - HikariPool-1 - Added connection org.postgresql.jdbc.PgConnection@7051777c
2026-03-31 17:07:12 [main] INFO  com.zaxxer.hikari.HikariDataSource - HikariPool-1 - Start completed.
2026-03-31 17:07:13 [main] INFO  Application - Database connected and tables created
2026-03-31 17:07:13 [main] INFO  com.whatsmax.utils.FirebaseAdmin - Firebase Admin SDK initialized successfully
2026-03-31 17:07:13 [main] INFO  Application - Application started in 1.77 seconds.
2026-03-31 17:07:13 [main] INFO  Application - Responding at http://127.0.0.1:8080
2026-03-31 17:07:34 [eventLoopGroupProxy-3-6] INFO  com.whatsmax.websocket.WebSocketManager - User 7ZS5UWLCNwPrefGTOfHVbrd6UUq1 connected. Total online: 1
2026-03-31 17:07:34 [eventLoopGroupProxy-3-1] INFO  WebSocketRoutes - User 7ZS5UWLCNwPrefGTOfHVbrd6UUq1 connected via WebSocket
2026-03-31 17:16:14 [eventLoopGroupProxy-3-9] INFO  com.whatsmax.websocket.WebSocketManager - User 7ZS5UWLCNwPrefGTOfHVbrd6UUq1 disconnected. Total online: 0
2026-03-31 17:16:14 [eventLoopGroupProxy-3-1] INFO  WebSocketRoutes - User 7ZS5UWLCNwPrefGTOfHVbrd6UUq1 disconnected
2026-03-31 17:16:23 [main] INFO  Application - No ktor.deployment.watch patterns match classpath entries, automatic reload is not active
2026-03-31 17:16:23 [main] INFO  com.zaxxer.hikari.HikariDataSource - HikariPool-1 - Starting...
2026-03-31 17:16:24 [main] INFO  com.zaxxer.hikari.pool.HikariPool - HikariPool-1 - Added connection org.postgresql.jdbc.PgConnection@68809cc7
2026-03-31 17:16:24 [main] INFO  com.zaxxer.hikari.HikariDataSource - HikariPool-1 - Start completed.
2026-03-31 17:16:24 [main] INFO  Application - Database connected and tables created
2026-03-31 17:16:24 [main] INFO  com.whatsmax.utils.FirebaseAdmin - Firebase Admin SDK initialized successfully
2026-03-31 17:16:24 [main] INFO  Application - Application started in 1.726 seconds.
2026-03-31 17:16:25 [main] INFO  Application - Responding at http://127.0.0.1:8080
2026-03-31 17:16:44 [eventLoopGroupProxy-3-6] INFO  com.whatsmax.websocket.WebSocketManager - User 7ZS5UWLCNwPrefGTOfHVbrd6UUq1 connected. Total online: 1
2026-03-31 17:16:44 [eventLoopGroupProxy-3-1] INFO  WebSocketRoutes - User 7ZS5UWLCNwPrefGTOfHVbrd6UUq1 connected via WebSocket
2026-03-31 17:24:50 [eventLoopGroupProxy-3-4] INFO  com.whatsmax.websocket.WebSocketManager - User 7ZS5UWLCNwPrefGTOfHVbrd6UUq1 disconnected. Total online: 0
2026-03-31 17:24:50 [eventLoopGroupProxy-3-5] INFO  WebSocketRoutes - User 7ZS5UWLCNwPrefGTOfHVbrd6UUq1 disconnected
